<html>
<body>
<pre>
<h1>µVision Build Log</h1>
<h2>Tool Versions:</h2>
IDE-Version: £gVision V5.43.1.0
Copyright (C) 2025 ARM Ltd and ARM Germany GmbH. All rights reserved.
License Information: Yuen Lo
for personal
User-based license: Keil MDK Nuvoton Edition - Full Cortex-M
Valid until: Sep 27 2034. Cached until: Jun 7 2026
 
Tool Versions:
Toolchain:       Keil MDK Nuvoton Edition - Full Cortex-M  Version: 5.43.0.0
Toolchain Path:  F:\Program Files\Arm\Keil_v5\ARM\ARMCLANG\Bin
C Compiler:      ArmClang.exe V6.24
Assembler:       Armasm.exe V6.24
Linker/Locator:  ArmLink.exe V6.24
Library Manager: ArmAr.exe V6.24
Hex Converter:   FromElf.exe V6.24
CPU DLL:         
Dialog DLL:      
Target DLL:      UL2V8M.DLL V1.7.17.0
Dialog DLL:      TCM.DLL V1.56.6.0
 
<h2>Project:</h2>
F:\11402_research\M55M1_Mix_ZO_Trainer\SampleCode\MachineLearning\ImageClassification\Keil\ImageClassification.uvprojx
Project File Date:  05/31/2026

<h2>Output:</h2>
*** Using Compiler 'V6.24', folder: 'F:\Program Files\Arm\Keil_v5\ARM\ARMCLANG\Bin'
Rebuild target 'Mix ZO Trainer'
creating preprocessor file for startup_M55M1.c...
creating preprocessor file for sys.c...
creating preprocessor file for gpio.c...
creating preprocessor file for uart.c...
creating preprocessor file for ccap.c...
creating preprocessor file for system_M55M1.c...
creating preprocessor file for clk.c...
creating preprocessor file for retarget.c...
compiling sys.c...
creating list file for sys.c...
creating list file for gpio.c...
compiling startup_M55M1.c...
creating list file for ccap.c...
compiling ccap.c...
creating list file for startup_M55M1.c...
compiling uart.c...
compiling retarget.c...
compiling system_M55M1.c...
creating list file for uart.c...
creating list file for retarget.c...
creating list file for system_M55M1.c...
compiling clk.c...
creating list file for clk.c...
creating preprocessor file for ethosu_device_u55_u65.c...
creating list file for ethosu_device_u55_u65.c...
creating preprocessor file for ethosu_driver.c...
creating preprocessor file for ethosu_pmu.c...
compiling gpio.c...
compiling ethosu_device_u55_u65.c...
compiling ethosu_driver.c...
creating list file for ethosu_driver.c...
creating list file for ethosu_pmu.c...
creating preprocessor file for spim_hyper.c...
compiling ethosu_pmu.c...
creating preprocessor file for ebi.c...
creating preprocessor file for spi.c...
creating list file for ebi.c...
compiling ebi.c...
creating preprocessor file for hsusbd.c...
creating list file for spi.c...
compiling spi.c...
creating preprocessor file for pdma.c...
compiling spim_hyper.c...
creating list file for spim_hyper.c...
creating list file for hsusbd.c...
creating preprocessor file for BoardInit.cpp...
compiling hsusbd.c...
compiling pdma.c...
creating list file for pdma.c...
compiling BoardInit.cpp...
creating list file for BoardInit.cpp...
creating preprocessor file for InputFiles.cpp...
creating list file for InputFiles.cpp...
compiling InputFiles.cpp...
creating preprocessor file for cat.cpp...
creating preprocessor file for dog.cpp...
creating preprocessor file for kimono.cpp...
creating list file for cat.cpp...
compiling cat.cpp...
creating list file for dog.cpp...
creating preprocessor file for tiger.cpp...
compiling dog.cpp...
creating list file for kimono.cpp...
compiling kimono.cpp...
creating list file for tiger.cpp...
compiling tiger.cpp...
creating preprocessor file for Labels.cpp...
compiling Labels.cpp...
creating list file for Labels.cpp...
creating preprocessor file for TensorFlowLiteMicro.cc...
creating preprocessor file for MobileNetModel.cpp...
creating preprocessor file for PlatformMath.cc...
creating preprocessor file for Model.cc...
creating preprocessor file for ImgClassProcessing.cpp...
creating preprocessor file for Classifier.cc...
creating preprocessor file for mobilenet_v2_224_035_int8quant_vela_H256.tflite.cpp...
creating preprocessor file for main.cpp...
creating preprocessor file for Profiler.cc...
creating preprocessor file for ImageUtils.cc...
creating list file for ethosu_cpu_cache.c...
creating list file for PlatformMath.cc...
creating preprocessor file for ethosu_cpu_cache.c...
creating preprocessor file for ethosu_npu_init.c...
compiling ethosu_cpu_cache.c...
creating list file for ethosu_npu_init.c...
creating list file for ethosu_profiler.c...
creating preprocessor file for ethosu_profiler.c...
compiling ethosu_npu_init.c...
compiling ethosu_profiler.c...
creating list file for ImageUtils.cc...
compiling PlatformMath.cc...
compiling ImageUtils.cc...
compiling TensorFlowLiteMicro.cc...
creating list file for TensorFlowLiteMicro.cc...
compiling ImgClassProcessing.cpp...
creating list file for ImgClassProcessing.cpp...
creating preprocessor file for pmu_counter.c...
creating list file for pmu_counter.c...
creating preprocessor file for hyperflash_code.c...
compiling MobileNetModel.cpp...
compiling pmu_counter.c...
creating list file for MobileNetModel.cpp...
creating list file for hyperflash_code.c...
creating preprocessor file for ImageSensor.c...
compiling Profiler.cc...
creating preprocessor file for Sensor_HM1055.c...
compiling Model.cc...
creating list file for Profiler.cc...
compiling ImageSensor.c...
creating preprocessor file for SWI2C.c...
creating list file for Sensor_HM1055.c...
creating list file for ImageSensor.c...
creating list file for Model.cc...
compiling Sensor_HM1055.c...
compiling hyperflash_code.c...
creating preprocessor file for Display.c...
creating preprocessor file for Font8_16.c...
creating list file for Font8_16.c...
compiling Font8_16.c...
creating list file for Classifier.cc...
creating list file for Display.c...
compiling Display.c...
compiling main.cpp...
creating preprocessor file for LCD_FSA506.c...
creating list file for SWI2C.c...
compiling SWI2C.c...
creating preprocessor file for LCD_ILI9341.c...
creating list file for LCD_FSA506.c...
compiling LCD_FSA506.c...
creating list file for LCD_ILI9341.c...
creating list file for main.cpp...
creating preprocessor file for descriptors.c...
compiling LCD_ILI9341.c...
creating list file for descriptors.c...
compiling descriptors.c...
creating preprocessor file for UVC.c...
creating preprocessor file for LCD_LT7381.c...
creating preprocessor file for drv_pdma.c...
creating list file for UVC.c...
compiling UVC.c...
creating list file for LCD_LT7381.c...
compiling LCD_LT7381.c...
creating list file for drv_pdma.c...
compiling drv_pdma.c...
compiling Classifier.cc...
compiling mobilenet_v2_224_035_int8quant_vela_H256.tflite.cpp...
creating list file for mobilenet_v2_224_035_int8quant_vela_H256.tflite.cpp...
linking...
Program Size: Code=143138 RO-data=1772410 RW-data=6160 ZI-data=1283104  
After Build - User command #1: fromelf --bin ".\Objects\ImageClassification.axf" --output=release
".\Objects\ImageClassification.axf" - 0 Error(s), 0 Warning(s).

<h2>Software Packages used:</h2>

Package Vendor: Nuvoton
                https://github.com/OpenNuvoton/cmsis-packs/raw/master/Nuvoton_DFP/Nuvoton.NuMicroM55_DFP.3.1.4-rc.3.pack
                Nuvoton::NuMicroM55_DFP@3.1.4-rc.3
                Nuvoton ARM Cortex-M55 NuMicro Family Device Support

<h2>Collection of Component include folders:</h2>
  F:/Program Files/Arm/Packs/Nuvoton/NuMicroM55_DFP/3.1.4-rc.3/Library/Device/Nuvoton/M55M1/Include

<h2>Collection of Component Files used:</h2>
Build Time Elapsed:  00:00:14
</pre>
</body>
</html>
