<html>
<body>
<pre>
<h1>µVision Build Log</h1>
<h2>Tool Versions:</h2>
IDE-Version: £gVision V5.43.1.0
Copyright (C) 2025 ARM Ltd and ARM Germany GmbH. All rights reserved.
License Information: Yuen Lo
for personal
User-based license: Keil MDK Nuvoton Edition - Full Cortex-M
Valid until: Sep 27 2034. Cached until: Jun 7 2026
 
Tool Versions:
Toolchain:       Keil MDK Nuvoton Edition - Full Cortex-M  Version: 5.43.0.0
Toolchain Path:  F:\Program Files\Arm\Keil_v5\ARM\ARMCLANG\Bin
C Compiler:      ArmClang.exe V6.24
Assembler:       Armasm.exe V6.24
Linker/Locator:  ArmLink.exe V6.24
Library Manager: ArmAr.exe V6.24
Hex Converter:   FromElf.exe V6.24
CPU DLL:         
Dialog DLL:      
Target DLL:      Nu_Link.dll V3.23
Dialog DLL:      TCM.DLL V1.56.6.0
 
<h2>Project:</h2>
F:\11402_research\M55M1BSP\SampleCode\MachineLearning\ImageClassification\KEIL\ImageClassification.uvprojx
Project File Date:  06/01/2026

<h2>Output:</h2>
*** Using Compiler 'V6.24', folder: 'F:\Program Files\Arm\Keil_v5\ARM\ARMCLANG\Bin'
Rebuild target 'ImageClassification'
Note: source file '..\Device\Display\drv_pdma.c' - object file renamed from '.\Objects\drv_pdma.o' to '.\Objects\drv_pdma_1.o'.
creating preprocessor file for clk.c...
creating preprocessor file for sys.c...
creating preprocessor file for gpio.c...
creating preprocessor file for uart.c...
creating preprocessor file for startup_M55M1.c...
creating preprocessor file for system_M55M1.c...
creating preprocessor file for ccap.c...
creating preprocessor file for retarget.c...
compiling sys.c...
compiling retarget.c...
creating list file for gpio.c...
compiling ccap.c...
creating list file for sys.c...
creating list file for ccap.c...
creating list file for retarget.c...
creating list file for startup_M55M1.c...
creating list file for system_M55M1.c...
compiling system_M55M1.c...
compiling uart.c...
creating list file for uart.c...
compiling clk.c...
creating list file for clk.c...
creating preprocessor file for ethosu_driver.c...
creating list file for ethosu_device_u55_u65.c...
creating preprocessor file for ethosu_device_u55_u65.c...
compiling startup_M55M1.c...
creating preprocessor file for ethosu_pmu.c...
compiling ethosu_driver.c...
compiling gpio.c...
creating list file for ethosu_pmu.c...
compiling ethosu_device_u55_u65.c...
creating list file for ethosu_driver.c...
compiling ethosu_pmu.c...
creating preprocessor file for spim_hyper.c...
creating preprocessor file for ebi.c...
compiling spim_hyper.c...
creating list file for ebi.c...
compiling ebi.c...
creating list file for spim_hyper.c...
compiling spi.c...
creating list file for spi.c...
creating preprocessor file for pdma.c...
creating preprocessor file for hsusbd.c...
creating preprocessor file for spi.c...
compiling hsusbd.c...
creating preprocessor file for fmc.c...
creating preprocessor file for BoardInit.cpp...
creating list file for pdma.c...
compiling pdma.c...
creating list file for hsusbd.c...
creating list file for BoardInit.cpp...
compiling BoardInit.cpp...
creating list file for fmc.c...
compiling fmc.c...
creating preprocessor file for Labels.cpp...
creating preprocessor file for ImgClassProcessing.cpp...
creating preprocessor file for MobileNetModel.cpp...
creating preprocessor file for main.cpp...
creating preprocessor file for ZOTrainer.cpp...
creating preprocessor file for student035_kd_v2_cls_int8.tflite.cc...
creating preprocessor file for inference_mngt.cpp...
creating list file for Labels.cpp...
creating preprocessor file for student035_kd_v2_fe_int8_vela.tflite.cc...
compiling Labels.cpp...
creating preprocessor file for Model.cc...
creating preprocessor file for student035_kd_v2_int8.tflite.cc...
creating preprocessor file for TensorFlowLiteMicro.cc...
creating preprocessor file for Classifier.cc...
creating list file for ImgClassProcessing.cpp...
creating list file for student035_kd_v2_cls_int8.tflite.cc...
compiling ImgClassProcessing.cpp...
compiling ZOTrainer.cpp...
../main.cpp(204): warning: 'register' storage class specifier is deprecated and incompatible with C++17 [-Wdeprecated-register]
  204 |     if (GPIO_GET_INT_FLAG(PI, BIT11))
      |                           ^
../../../../Library/Device/Nuvoton/M55M1/Include\M55M1.h(841): note: expanded from macro 'PI'
  841 | # define PI       ((__PC() & NS_OFFSET) ? PI_NS : PI_S)
      |                     ^
../../../../Library/Device/Nuvoton/M55M1/Include\system_M55M1.h(93): note: expanded from macro '__PC'
   93 |         register unsigned int current_pc;                     \
      |         ^
../main.cpp(206): warning: 'register' storage class specifier is deprecated and incompatible with C++17 [-Wdeprecated-register]
  206 |         GPIO_CLR_INT_FLAG(PI, BIT11);
      |                           ^
../../../../Library/Device/Nuvoton/M55M1/Include\M55M1.h(841): note: expanded from macro 'PI'
  841 | # define PI       ((__PC() & NS_OFFSET) ? PI_NS : PI_S)
      |                     ^
../../../../Library/Device/Nuvoton/M55M1/Include\system_M55M1.h(93): note: expanded from macro '__PC'
   93 |         register unsigned int current_pc;                     \
      |         ^
../main.cpp(268): warning: 'register' storage class specifier is deprecated and incompatible with C++17 [-Wdeprecated-register]
  268 |     GPIO_SetMode(PI, BIT11, GPIO_MODE_INPUT);
      |                  ^
../../../../Library/Device/Nuvoton/M55M1/Include\M55M1.h(841): note: expanded from macro 'PI'
  841 | # define PI       ((__PC() & NS_OFFSET) ? PI_NS : PI_S)
      |                     ^
../../../../Library/Device/Nuvoton/M55M1/Include\system_M55M1.h(93): note: expanded from macro '__PC'
   93 |         register unsigned int current_pc;                     \
      |         ^
../main.cpp(269): warning: 'register' storage class specifier is deprecated and incompatible with C++17 [-Wdeprecated-register]
  269 |     GPIO_EnableInt(PI, 11, GPIO_INT_FALLING);
      |                    ^
../../../../Library/Device/Nuvoton/M55M1/Include\M55M1.h(841): note: expanded from macro 'PI'
  841 | # define PI       ((__PC() & NS_OFFSET) ? PI_NS : PI_S)
      |                     ^
../../../../Library/Device/Nuvoton/M55M1/Include\system_M55M1.h(93): note: expanded from macro '__PC'
   93 |         register unsigned int current_pc;                     \
      |         ^
../main.cpp(272): warning: 'register' storage class specifier is deprecated and incompatible with C++17 [-Wdeprecated-register]
  272 |     GPIO_SET_DEBOUNCE_TIME(PI, GPIO_DBCTL_DBCLKSRC_LIRC, GPIO_DBCTL_DBCLKSEL_1024);
      |                            ^
../../../../Library/Device/Nuvoton/M55M1/Include\M55M1.h(841): note: expanded from macro 'PI'
  841 | # define PI       ((__PC() & NS_OFFSET) ? PI_NS : PI_S)
      |                     ^
../../../../Library/Device/Nuvoton/M55M1/Include\system_M55M1.h(93): note: expanded from macro '__PC'
   93 |         register unsigned int current_pc;                     \
      |         ^
../main.cpp(273): warning: 'register' storage class specifier is deprecated and incompatible with C++17 [-Wdeprecated-register]
  273 |     GPIO_ENABLE_DEBOUNCE(PI, BIT11);
      |                          ^
../../../../Library/Device/Nuvoton/M55M1/Include\M55M1.h(841): note: expanded from macro 'PI'
  841 | # define PI       ((__PC() & NS_OFFSET) ? PI_NS : PI_S)
      |                     ^
../../../../Library/Device/Nuvoton/M55M1/Include\system_M55M1.h(93): note: expanded from macro '__PC'
   93 |         register unsigned int current_pc;                     \
      |         ^
6 warnings generated.
compiling main.cpp...
creating list file for MobileNetModel.cpp...
compiling MobileNetModel.cpp...
compiling student035_kd_v2_cls_int8.tflite.cc...
creating list file for ZOTrainer.cpp...
creating list file for PlatformMath.cc...
creating preprocessor file for Profiler.cc...
creating list file for main.cpp...
creating preprocessor file for PlatformMath.cc...
compiling inference_mngt.cpp...
creating preprocessor file for ethosu_cpu_cache.c...
creating preprocessor file for ImageUtils.cc...
creating list file for ethosu_cpu_cache.c...
compiling Model.cc...
creating list file for ethosu_npu_init.c...
creating preprocessor file for ethosu_npu_init.c...
creating list file for inference_mngt.cpp...
compiling ethosu_cpu_cache.c...
compiling ethosu_profiler.c...
compiling TensorFlowLiteMicro.cc...
creating list file for ethosu_profiler.c...
creating preprocessor file for ethosu_profiler.c...
creating list file for Model.cc...
creating list file for TensorFlowLiteMicro.cc...
compiling ethosu_npu_init.c...
creating preprocessor file for pmu_counter.c...
creating list file for ImageUtils.cc...
compiling PlatformMath.cc...
creating preprocessor file for hyperflash_code.c...
creating list file for pmu_counter.c...
compiling pmu_counter.c...
creating preprocessor file for Sensor_HM1055.c...
creating preprocessor file for ImageSensor.c...
creating preprocessor file for SWI2C.c...
creating list file for ImageSensor.c...
creating list file for SWI2C.c...
creating list file for hyperflash_code.c...
compiling ImageSensor.c...
compiling Sensor_HM1055.c...
compiling ImageUtils.cc...
creating list file for Sensor_HM1055.c...
../Device/HyperFlash/hyperflash_code.c(661): warning: logical not is only applied to the left hand side of this comparison [-Wlogical-not-parentheses]
  661 |                             - ((!u32CipherEn == SPIM_HYPER_OP_ENABLE)
      |                                 ^            ~~
../Device/HyperFlash/hyperflash_code.c(661): note: add parentheses after the '!' to evaluate the comparison first
  661 |                             - ((!u32CipherEn == SPIM_HYPER_OP_ENABLE)
      |                                 ^                                   
      |                                  (                                  )
../Device/HyperFlash/hyperflash_code.c(661): note: add parentheses around left hand side expression to silence this warning
  661 |                             - ((!u32CipherEn == SPIM_HYPER_OP_ENABLE)
      |                                 ^
      |                                 (           )
1 warning generated.
compiling hyperflash_code.c...
creating preprocessor file for Font8_16.c...
creating preprocessor file for Display.c...
creating list file for Font8_16.c...
compiling SWI2C.c...
creating list file for Display.c...
compiling Display.c...
creating list file for student035_kd_v2_fe_int8_vela.tflite.cc...
compiling descriptors.c...
compiling Font8_16.c...
creating list file for Profiler.cc...
creating preprocessor file for UVC.c...
creating list file for student035_kd_v2_int8.tflite.cc...
creating preprocessor file for descriptors.c...
creating list file for descriptors.c...
compiling Profiler.cc...
compiling student035_kd_v2_fe_int8_vela.tflite.cc...
compiling student035_kd_v2_int8.tflite.cc...
creating preprocessor file for LCD_LT7381.c...
creating preprocessor file for drv_pdma.c...
creating list file for LCD_LT7381.c...
compiling UVC.c...
compiling LCD_LT7381.c...
creating list file for UVC.c...
creating list file for LogConfig.cpp...
creating preprocessor file for LogConfig.cpp...
compiling LogConfig.cpp...
compiling drv_pdma.c...
creating list file for Classifier.cc...
creating list file for drv_pdma.c...
compiling Classifier.cc...
creating preprocessor file for uart_cmd.cpp...
creating preprocessor file for conv.cc...
creating list file for uart_cmd.cpp...
compiling uart_cmd.cpp...
creating list file for conv.cc...
../../../../ThirdParty/tflite_micro/tensorflow/lite/micro/kernels/cmsis_nn/conv.cc(26): warning: In file included from...
../../../../ThirdParty/tflite_micro\tensorflow/lite/kernels/internal/common.h(666): warning: unused parameter 'b' [-Wunused-parameter]
  666 | IntegerType SaturatingAddNonGemmlowp(IntegerType a, IntegerType b) {
      |                                                                 ^
../../../../ThirdParty/tflite_micro\tensorflow/lite/kernels/internal/common.h(692): warning: unused parameter 'b' [-Wunused-parameter]
  692 | IntegerType SaturatingSub(IntegerType a, IntegerType b) {
      |                                                      ^
../../../../ThirdParty/tflite_micro/tensorflow/lite/micro/kernels/cmsis_nn/conv.cc(32): warning: In file included from...
../../../../ThirdParty/tflite_micro\tensorflow/lite/micro/kernels/kernel_util.h(26): warning: In file included from...
../../../../ThirdParty/tflite_micro\tensorflow/lite/micro/micro_context.h(20): warning: In file included from...
../../../../ThirdParty/tflite_micro\tensorflow/lite/micro/micro_graph.h(21): warning: In file included from...
../../../../ThirdParty/tflite_micro\tensorflow/lite/micro/micro_resource_variable.h(22): warning: In file included from...
../../../../ThirdParty/tflite_micro\tensorflow/lite/micro/micro_allocator.h(21): warning: In file included from...
../../../../ThirdParty/tflite_micro\tensorflow/lite/micro/arena_allocator/single_arena_buffer_allocator.h(113): warning: unused parameter 'p' [-Wunused-parameter]
  113 |   TF_LITE_REMOVE_VIRTUAL_DELETE
      |   ^
../../../../ThirdParty/tflite_micro\tensorflow/lite/micro/compatibility.h(27): note: expanded from macro 'TF_LITE_REMOVE_VIRTUAL_DELETE'
   27 |   void operator delete(void* p) {}
      |                              ^
../../../../ThirdParty/tflite_micro/tensorflow/lite/micro/kernels/cmsis_nn/conv.cc(32): warning: In file included from...
../../../../ThirdParty/tflite_micro\tensorflow/lite/micro/kernels/kernel_util.h(26): warning: In file included from...
../../../../ThirdParty/tflite_micro\tensorflow/lite/micro/micro_context.h(20): warning: In file included from...
../../../../ThirdParty/tflite_micro\tensorflow/lite/micro/micro_graph.h(21): warning: In file included from...
../../../../ThirdParty/tflite_micro\tensorflow/lite/micro/micro_resource_variable.h(22): warning: In file included from...
../../../../ThirdParty/tflite_micro\tensorflow/lite/micro/micro_allocator.h(24): warning: In file included from...
../../../../ThirdParty/tflite_micro\tensorflow/lite/micro/memory_planner/micro_memory_planner.h(62): warning: unused parameter 'size' [-Wunused-parameter]
   62 |   virtual TfLiteStatus AddBuffer(int size, int first_time_used,
      |                                      ^
../../../../ThirdParty/tflite_micro\tensorflow/lite/micro/memory_planner/micro_memory_planner.h(62): warning: unused parameter 'first_time_used' [-Wunused-parameter]
   62 |   virtual TfLiteStatus AddBuffer(int size, int first_time_used,
      |                                                ^
../../../../ThirdParty/tflite_micro\tensorflow/lite/micro/memory_planner/micro_memory_planner.h(63): warning: unused parameter 'last_time_used' [-Wunused-parameter]
   63 |                                  int last_time_used, int offline_offset) {
      |                                      ^
../../../../ThirdParty/tflite_micro\tensorflow/lite/micro/memory_planner/micro_memory_planner.h(63): warning: unused parameter 'offline_offset' [-Wunused-parameter]
   63 |                                  int last_time_used, int offline_offset) {
      |                                                          ^
../../../../ThirdParty/tflite_micro\tensorflow/lite/micro/memory_planner/micro_memory_planner.h(79): warning: unused parameter 'scratch_buffer' [-Wunused-parameter]
   79 |   virtual TfLiteStatus Init(unsigned char* scratch_buffer,
      |                                            ^
../../../../ThirdParty/tflite_micro\tensorflow/lite/micro/memory_planner/micro_memory_planner.h(80): warning: unused parameter 'scratch_buffer_size' [-Wunused-parameter]
   80 |                             int scratch_buffer_size) {
      |                                 ^
../../../../ThirdParty/tflite_micro/tensorflow/lite/micro/kernels/cmsis_nn/conv.cc(32): warning: In file included from...
../../../../ThirdParty/tflite_micro\tensorflow/lite/micro/kernels/kernel_util.h(26): warning: In file included from...
../../../../ThirdParty/tflite_micro\tensorflow/lite/micro/micro_context.h(20): warning: In file included from...
../../../../ThirdParty/tflite_micro\tensorflow/lite/micro/micro_graph.h(21): warning: In file included from...
../../../../ThirdParty/tflite_micro\tensorflow/lite/micro/micro_resource_variable.h(22): warning: In file included from...
../../../../ThirdParty/tflite_micro\tensorflow/lite/micro/micro_allocator.h(343): warning: unused parameter 'p' [-Wunused-parameter]
  343 |   TF_LITE_REMOVE_VIRTUAL_DELETE
      |   ^
../../../../ThirdParty/tflite_micro\tensorflow/lite/micro/compatibility.h(27): note: expanded from macro 'TF_LITE_REMOVE_VIRTUAL_DELETE'
   27 |   void operator delete(void* p) {}
      |                              ^
../../../../ThirdParty/tflite_micro/tensorflow/lite/micro/kernels/cmsis_nn/conv.cc(32): warning: In file included from...
../../../../ThirdParty/tflite_micro\tensorflow/lite/micro/kernels/kernel_util.h(26): warning: In file included from...
../../../../ThirdParty/tflite_micro\tensorflow/lite/micro/micro_context.h(20): warning: In file included from...
../../../../ThirdParty/tflite_micro\tensorflow/lite/micro/micro_graph.h(57): warning: unused parameter 'p' [-Wunused-parameter]
   57 |   TF_LITE_REMOVE_VIRTUAL_DELETE
      |   ^
../../../../ThirdParty/tflite_micro\tensorflow/lite/micro/compatibility.h(27): note: expanded from macro 'TF_LITE_REMOVE_VIRTUAL_DELETE'
   27 |   void operator delete(void* p) {}
      |                              ^
../../../../ThirdParty/tflite_micro/tensorflow/lite/micro/kernels/cmsis_nn/conv.cc(32): warning: In file included from...
../../../../ThirdParty/tflite_micro\tensorflow/lite/micro/kernels/kernel_util.h(26): warning: In file included from...
../../../../ThirdParty/tflite_micro\tensorflow/lite/micro/micro_context.h(99): warning: unused parameter 'p' [-Wunused-parameter]
   99 |   TF_LITE_REMOVE_VIRTUAL_DELETE
      |   ^
../../../../ThirdParty/tflite_micro\tensorflow/lite/micro/compatibility.h(27): note: expanded from macro 'TF_LITE_REMOVE_VIRTUAL_DELETE'
   27 |   void operator delete(void* p) {}
      |                              ^
../../../../ThirdParty/tflite_micro/tensorflow/lite/micro/kernels/cmsis_nn/conv.cc(32): warning: In file included from...
../../../../ThirdParty/tflite_micro\tensorflow/lite/micro/kernels/kernel_util.h(26): warning: In file included from...
../../../../ThirdParty/tflite_micro\tensorflow/lite/micro/micro_context.h(132): warning: unused parameter 'unused' [-Wunused-parameter]
  132 |     TfLiteContext* context, TfLiteExternalContextType unused) {
      |                                                       ^
../../../../ThirdParty/tflite_micro/tensorflow/lite/micro/kernels/cmsis_nn/conv.cc(45): warning: unused parameter 'buffer' [-Wunused-parameter]
   45 | void* Init(TfLiteContext* context, const char* buffer, size_t length) {
      |                                                ^
../../../../ThirdParty/tflite_micro/tensorflow/lite/micro/kernels/cmsis_nn/conv.cc(45): warning: unused parameter 'length' [-Wunused-parameter]
   45 | void* Init(TfLiteContext* context, const char* buffer, size_t length) {
      |                                                               ^
../../../../ThirdParty/tflite_micro/tensorflow/lite/micro/kernels/cmsis_nn/conv.cc(184): warning: unused parameter 'ctx' [-Wunused-parameter]
  184 |     const cmsis_nn_context* ctx, const cmsis_nn_conv_params* conv_params,
      |                             ^
../../../../ThirdParty/tflite_micro/tensorflow/lite/micro/kernels/cmsis_nn/conv.cc(184): warning: unused parameter 'conv_params' [-Wunused-parameter]
  184 |     const cmsis_nn_context* ctx, const cmsis_nn_conv_params* conv_params,
      |                                                              ^
../../../../ThirdParty/tflite_micro/tensorflow/lite/micro/kernels/cmsis_nn/conv.cc(185): warning: unused parameter 'quant_params' [-Wunused-parameter]
  185 |     const cmsis_nn_per_channel_quant_params* quant_params,
      |                                              ^
../../../../ThirdParty/tflite_micro/tensorflow/lite/micro/kernels/cmsis_nn/conv.cc(186): warning: unused parameter 'input_dims' [-Wunused-parameter]
  186 |     const cmsis_nn_dims* input_dims, const ActType* input,
      |                          ^
../../../../ThirdParty/tflite_micro/tensorflow/lite/micro/kernels/cmsis_nn/conv.cc(186): warning: unused parameter 'input' [-Wunused-parameter]
  186 |     const cmsis_nn_dims* input_dims, const ActType* input,
      |                                                     ^
../../../../ThirdParty/tflite_micro/tensorflow/lite/micro/kernels/cmsis_nn/conv.cc(187): warning: unused parameter 'filter_dims' [-Wunused-parameter]
  187 |     const cmsis_nn_dims* filter_dims, const int8_t* filter,
      |                          ^
../../../../ThirdParty/tflite_micro/tensorflow/lite/micro/kernels/cmsis_nn/conv.cc(187): warning: unused parameter 'filter' [-Wunused-parameter]
  187 |     const cmsis_nn_dims* filter_dims, const int8_t* filter,
      |                                                     ^
../../../../ThirdParty/tflite_micro/tensorflow/lite/micro/kernels/cmsis_nn/conv.cc(188): warning: unused parameter 'bias_dims' [-Wunused-parameter]
  188 |     const cmsis_nn_dims* bias_dims, const BiasType* bias,
      |                          ^
../../../../ThirdParty/tflite_micro/tensorflow/lite/micro/kernels/cmsis_nn/conv.cc(188): warning: unused parameter 'bias' [-Wunused-parameter]
  188 |     const cmsis_nn_dims* bias_dims, const BiasType* bias,
      |                                                     ^
../../../../ThirdParty/tflite_micro/tensorflow/lite/micro/kernels/cmsis_nn/conv.cc(189): warning: unused parameter 'output_dims' [-Wunused-parameter]
  189 |     const cmsis_nn_dims* output_dims, ActType* output, WeigthsType weightsT) {
      |                          ^
../../../../ThirdParty/tflite_micro/tensorflow/lite/micro/kernels/cmsis_nn/conv.cc(189): warning: unused parameter 'output' [-Wunused-parameter]
  189 |     const cmsis_nn_dims* output_dims, ActType* output, WeigthsType weightsT) {
      |                                                ^
../../../../ThirdParty/tflite_micro/tensorflow/lite/micro/kernels/cmsis_nn/conv.cc(189): warning: unused parameter 'weightsT' [-Wunused-parameter]
  189 |     const cmsis_nn_dims* output_dims, ActType* output, WeigthsType weightsT) {
      |                                                                    ^
../../../../ThirdParty/tflite_micro/tensorflow/lite/micro/kernels/cmsis_nn/conv.cc(221): warning: unused parameter 'weightsT' [-Wunused-parameter]
  221 |     const cmsis_nn_dims* output_dims, int16_t* output, TfLiteType weightsT) {
      |                                                                   ^
../../../../ThirdParty/tflite_micro/tensorflow/lite/micro/kernels/cmsis_nn/conv.cc(236): warning: unused parameter 'weightsT' [-Wunused-parameter]
  236 |     const cmsis_nn_dims* output_dims, int16_t* output, TfLiteType weightsT) {
      |                                                                   ^
../../../../ThirdParty/tflite_micro/tensorflow/lite/micro/kernels/cmsis_nn/conv.cc(245): warning: unused parameter 'node' [-Wunused-parameter]
  245 | TfLiteStatus EvalQuantizedPerChannel(TfLiteContext* context, TfLiteNode* node,
      |                                                                          ^
30 warnings generated.
compiling conv.cc...
linking...
Program Size: Code=179134 RO-data=585458 RW-data=2232 ZI-data=9674984  
After Build - User command #1: fromelf --bin ".\Objects\ImageClassification.axf" --output=release
".\Objects\ImageClassification.axf" - 0 Error(s), 37 Warning(s).

<h2>Software Packages used:</h2>

Package Vendor: Nuvoton
                https://github.com/OpenNuvoton/cmsis-packs/raw/master/Nuvoton_DFP/Nuvoton.NuMicroM55_DFP.3.1.4-rc.3.pack
                Nuvoton::NuMicroM55_DFP@3.1.4-rc.3
                Nuvoton ARM Cortex-M55 NuMicro Family Device Support

<h2>Collection of Component include folders:</h2>
  F:/Program Files/Arm/Packs/Nuvoton/NuMicroM55_DFP/3.1.4-rc.3/Library/Device/Nuvoton/M55M1/Include

<h2>Collection of Component Files used:</h2>
Build Time Elapsed:  00:00:20
</pre>
</body>
</html>
